../Drivers/CMSIS/Include/core_cm7.h:2660:26:ITM_SendChar	16	static,ignoring_inline_asm
../Core/Src/main.c:178:5:main	80	static
../Core/Src/main.c:319:6:SystemClock_Config	152	static
../Core/Src/main.c:399:13:MX_ADC1_Init	56	static
../Core/Src/main.c:467:13:MX_I2C1_Init	8	static
../Core/Src/main.c:515:13:MX_I2C2_Init	8	static
../Core/Src/main.c:563:13:MX_RTC_Init	32	static
../Core/Src/main.c:634:13:MX_SDMMC1_SD_Init	4	static
../Core/Src/main.c:661:13:MX_USART1_UART_Init	8	static
../Core/Src/main.c:709:13:MX_USB_OTG_HS_PCD_Init	8	static
../Core/Src/main.c:743:13:MX_DMA_Init	16	static
../Core/Src/main.c:761:13:MX_GPIO_Init	56	static
../Core/Src/main.c:789:6:HAL_ADC_ConvHalfCpltCallback	24	static
../Core/Src/main.c:803:6:HAL_ADC_ConvCpltCallback	24	static
../Core/Src/main.c:818:6:sd_setup	16	static
../Core/Src/main.c:837:6:sd_audio_file	88	static
../Core/Src/main.c:852:6:sd_data_file	96	static
../Core/Src/main.c:868:6:sd_write	24	static
../Core/Src/main.c:874:6:sd_close	8	static
../Core/Src/main.c:881:6:initializeHeader	16	static
../Core/Src/main.c:914:6:generateSineWave	24	static
../Core/Src/main.c:921:6:finalizeRecording	8	static
../Core/Src/main.c:934:6:Get_RTC_Time	8	static
../Core/Src/main.c:948:6:SetRTCToCompileTime	80	static
../Core/Src/main.c:974:6:performFFT	40	static
../Core/Src/main.c:1002:5:detectSignificantFrequency	32	static
../Core/Src/main.c:1013:7:unsigned_to_q15	24	static
../Core/Src/main.c:1018:5:__io_putchar	16	static
../Core/Src/main.c:1032:6:Error_Handler	4	static,ignoring_inline_asm
