../Drivers/CMSIS/Include/core_cm7.h:2660:26:ITM_SendChar	16	static,ignoring_inline_asm
../Core/Src/main.c:180:5:main	96	static
../Core/Src/main.c:334:6:SystemClock_Config	152	static
../Core/Src/main.c:413:13:MX_ADC1_Init	56	static
../Core/Src/main.c:481:13:MX_I2C1_Init	8	static
../Core/Src/main.c:529:13:MX_I2C2_Init	8	static
../Core/Src/main.c:577:13:MX_RTC_Init	32	static
../Core/Src/main.c:648:13:MX_SDMMC1_SD_Init	4	static
../Core/Src/main.c:675:13:MX_USART1_UART_Init	8	static
../Core/Src/main.c:723:13:MX_USB_OTG_HS_PCD_Init	8	static
../Core/Src/main.c:757:13:MX_DMA_Init	16	static
../Core/Src/main.c:775:13:MX_GPIO_Init	56	static
../Core/Src/main.c:802:6:HAL_ADC_ConvHalfCpltCallback	24	static
../Core/Src/main.c:816:6:HAL_ADC_ConvCpltCallback	24	static
../Core/Src/main.c:831:6:sd_setup	16	static
../Core/Src/main.c:850:6:sd_audio_file	88	static
../Core/Src/main.c:865:6:sd_data_file	96	static
../Core/Src/main.c:881:6:sd_write	24	static
../Core/Src/main.c:887:6:sd_close	8	static
../Core/Src/main.c:894:6:initializeHeader	16	static
../Core/Src/main.c:927:6:generateSineWave	24	static
../Core/Src/main.c:934:6:finalizeRecording	8	static
../Core/Src/main.c:947:6:Get_RTC_Time	8	static
../Core/Src/main.c:961:6:SetRTCToCompileTime	80	static
../Core/Src/main.c:987:6:performFFT	40	static
../Core/Src/main.c:1015:5:detectSignificantFrequency	32	static
../Core/Src/main.c:1026:7:unsigned_to_q15	24	static
../Core/Src/main.c:1031:5:__io_putchar	16	static
../Core/Src/main.c:1045:6:Error_Handler	4	static,ignoring_inline_asm
